<html>
<body>
<pre>
<h1>µVision Build Log</h1>
<h2>Project:</h2>
C:\Keil\Projects\BTLE RC CAR - With Reverse\Central Node\Central Node.uvproj
Project File Date:  09/18/2016

<h2>Output:</h2>
Rebuild target 'Central Node'
assembling startup.s...
compiling PLL.c...
compiling UART.c...
compiling BTLE Functions.c...
compiling Central Node.c...
Central Node.c(71): warning:  #550-D: variable "delay" was set but never used
  void GPIO_Init(void){unsigned long delay;
Central Node.c: 1 warning, 0 errors
compiling ADC.c...
linking...
Program Size: Code=3392 RO-data=32 RW-data=28 ZI-data=1844  
".\Cental Node.axf" - 0 Error(s), 1 Warning(s).
Load "C:\\Keil\\Projects\\BTLE RC CAR - With Reverse\\Central Node\\Cental Node.axf" 
Connecting: Mode=JTAG, Speed=1000000Hz
Erase Done.
Programming Done.
Verify OK.
</pre>
</body>
</html>
