<html>
<body>
<pre>
<h1>µVision Build Log</h1>
<h2>Project:</h2>
C:\Keil\Projects\BTLE RC POLICE CAR\Peripheral Node\Peripheral Node.uvproj
Project File Date:  07/05/2016

<h2>Output:</h2>
Rebuild target 'Peripheral Node'
assembling startup.s...
compiling PLL.c...
compiling UART.c...
compiling BTLE Functions.c...
compiling DC Motors.c...
compiling Peripheral Node.c...
Peripheral Node.c(73): warning:  #550-D: variable "delay" was set but never used
  void GPIO_Init(void){unsigned long delay;
Peripheral Node.c: 1 warning, 0 errors
linking...
Program Size: Code=3180 RO-data=32 RW-data=20 ZI-data=1780  
".\Peripheral Node.axf" - 0 Error(s), 1 Warning(s).
Load "C:\\Keil\\Projects\\BTLE RC POLICE CAR\\Peripheral Node\\Peripheral Node.axf" 
Connecting: Mode=JTAG, Speed=1000000Hz
Erase Done.
Programming Done.
Verify OK.
</pre>
</body>
</html>
